C:\Users\Matty\Documents\Projects\GalacticEngine\Shaders\AtmosphereVS.fx(31,9-50): warning X3206: implicit truncation of vector type
 